================================================================================
CINDA RECOMMENDATION ENGINE TEST HARNESS
End-to-end validation of rotation analysis ÔåÆ gap detection ÔåÆ recommendations
================================================================================

Ô£ô Catalogue loaded: 72 shoes

--------------------------------------------------------------------------------
Test 1: Beginner with no shoes
Description: New runner needs a versatile daily trainer to start their journey
--------------------------------------------------------------------------------

RESULTS:
  Gap Type: coverage (expected: coverage)
  Gap Severity: high (expected: high)
  Reasoning: You need a versatile daily trainer to start building your rotation. This will be your go-to shoe for most runs.

  Recommendations:
    1. Skechers Aero Burst
       Type: close_match
       Weight: 322g | Cushion: 4/5 | Bounce: 3/5
       Reason: Versatile daily trainer for most of your weekly mileage
    2. On Cloudmonster 2
       Type: close_match_2
       Weight: 292g | Cushion: 3/5 | Bounce: 3/5
       Reason: Versatile daily trainer for most of your weekly mileage
    3. New Balance Fresh Foam X 1080 v14
       Type: trade_off_option
       Weight: 285g | Cushion: 5/5 | Bounce: 3/5
       Reason: Versatile daily trainer for most of your weekly mileage
       Trade-offs: Premium price point

VALIDATIONS:
  Ô£ô Gap type matches expected
  Ô£ô Gap severity is reasonable
  Ô£ô Exactly 3 recommendations
  Ô£ô All shoes exist in catalogue
  Ô£ô Recommendations are diverse

Ô£ô PASSED

--------------------------------------------------------------------------------
Test 2: Intermediate runner with daily trainer only
Description: Runner training for race needs tempo/workout shoe
--------------------------------------------------------------------------------

RESULTS:
  Gap Type: coverage (expected: coverage)
  Gap Severity: high (expected: high)
  Reasoning: You're training for a race but don't have a shoe for tempo workouts. A responsive trainer would help you nail those threshold efforts.

  Recommendations:
    1. HOKA Mach 6
       Type: close_match
       Weight: 232g | Cushion: 3/5 | Bounce: 4/5
       Reason: Responsive trainer with firm foam for efficient tempo efforts
    2. ASICS Novablast 5
       Type: close_match_2
       Weight: 254g | Cushion: 4/5 | Bounce: 4/5
       Reason: Responsive trainer with firm foam for efficient tempo efforts
    3. Adidas Adizero Prime X3 Strung
       Type: trade_off_option
       Weight: 291g | Cushion: 5/5 | Bounce: 4/5
       Reason: Responsive trainer with plate for snappy tempo efforts

VALIDATIONS:
  Ô£ô Gap type matches expected
  Ô£ô Gap severity is reasonable
  Ô£ô Exactly 3 recommendations
  Ô£ô All shoes exist in catalogue
  Ô£ô Recommendations are diverse

Ô£ô PASSED

--------------------------------------------------------------------------------
Test 3: Advanced runner with max-cushion only
Description: Runner focused on pace improvement needs responsive shoes
--------------------------------------------------------------------------------

RESULTS:
  Gap Type: coverage (expected: performance)
  Gap Severity: high (expected: high)
  Reasoning: You're working on pace but don't have a shoe for tempo workouts. A responsive trainer would help you nail those threshold efforts.

  Recommendations:
    1. ASICS Megablast
       Type: close_match
       Weight: 218g | Cushion: 5/5 | Bounce: 4/5
       Reason: Responsive trainer with firm foam for efficient tempo efforts
    2. Salomon Aero Glide 3
       Type: close_match_2
       Weight: 248g | Cushion: 4/5 | Bounce: 4/5
       Reason: Responsive trainer with firm foam for efficient tempo efforts
    3. Adidas Adizero Prime X3 Strung
       Type: trade_off_option
       Weight: 291g | Cushion: 5/5 | Bounce: 4/5
       Reason: Responsive trainer with plate for snappy tempo efforts

VALIDATIONS:
  Ô£ù Gap type matches expected (got: coverage, expected: performance)
  Ô£ô Gap severity is reasonable
  Ô£ô Exactly 3 recommendations
  Ô£ô All shoes exist in catalogue
  Ô£ô Recommendations are diverse

Ô£ù FAILED

--------------------------------------------------------------------------------
Test 4: Runner with redundancy
Description: Runner has 3 similar max-cushion shoes, needs lighter daily option
--------------------------------------------------------------------------------

RESULTS:
  Gap Type: coverage (expected: redundancy)
  Gap Severity: high (expected: medium)
  Reasoning: You need a versatile daily trainer to start building your rotation. This will be your go-to shoe for most runs.

  Recommendations:
    1. New Balance Fresh Foam X 1080 v14
       Type: close_match
       Weight: 285g | Cushion: 5/5 | Bounce: 3/5
       Reason: Versatile daily trainer for most of your weekly mileage
    2. HOKA Bondi 9
       Type: close_match_2
       Weight: 297g | Cushion: 5/5 | Bounce: 3/5
       Reason: Versatile daily trainer for most of your weekly mileage
    3. Skechers Aero Burst
       Type: trade_off_option
       Weight: 322g | Cushion: 4/5 | Bounce: 3/5
       Reason: Versatile daily trainer for most of your weekly mileage

VALIDATIONS:
  Ô£ù Gap type matches expected (got: coverage, expected: redundancy)
  Ô£ô Gap severity is reasonable
  Ô£ô Exactly 3 recommendations
  Ô£ô All shoes exist in catalogue
  Ô£ô Recommendations are diverse

Ô£ù FAILED

================================================================================
SUMMARY
================================================================================
Total Tests: 4
Passed: 2
Failed: 2

ÔØî Some tests failed
Review the output above to debug issues.
